Benchmark started: 2026-09-27 20:09:28
Script directory: C:\Src
Run log: benchmark_20260927_200928.log
Latest log: benchmark.log
Reserve log: benchmark_previous.log

PyTorch Version: 2.11.0+cu128
Python: C:\Src\.conda\python.exe
PyTorch: 2.11.0+cu128
torch.version.cuda: 12.8
torchvision: torchvision.models
xFormers: 0.0.35
Target Hardware: NVIDIA GeForce RTX 4060

Loading ResNet-50...

==========================================
 Finding limit: ResNet-50
 Device: NVIDIA GeForce RTX 4060 | AMP: enabled
==========================================
Testing ResNet-50 batch size 1...
Testing ResNet-50 batch size 2...
Testing ResNet-50 batch size 4...
Testing ResNet-50 batch size 8...
Testing ResNet-50 batch size 16...
Testing ResNet-50 batch size 32...
Testing ResNet-50 batch size 64...
Testing ResNet-50 batch size 128...
Testing ResNet-50 batch size 256...
Testing ResNet-50 batch size 512...
Testing ResNet-50 batch size 1024...
OOM at ResNet-50 batch size 1024.
Testing ResNet-50 batch size 768...
Testing ResNet-50 batch size 640...
Testing ResNet-50 batch size 576...
Testing ResNet-50 batch size 544...
Testing ResNet-50 batch size 528...
Testing ResNet-50 batch size 520...
Testing ResNet-50 batch size 516...
Testing ResNet-50 batch size 514...
Testing ResNet-50 batch size 513...

--- ResNet-50 Stable Maximum ---
Batch size : 513
Throughput: 15.55 images/second
Peak VRAM : 21.72 GB

Loading DINOv2 ViT-S/14 via torch.hub...

==========================================
 Finding limit: DINOv2 ViT-S/14
 Device: NVIDIA GeForce RTX 4060 | AMP: enabled
==========================================
Testing DINOv2 ViT-S/14 batch size 1...
Testing DINOv2 ViT-S/14 batch size 2...
Testing DINOv2 ViT-S/14 batch size 4...
Testing DINOv2 ViT-S/14 batch size 8...
Testing DINOv2 ViT-S/14 batch size 16...
Testing DINOv2 ViT-S/14 batch size 32...
Testing DINOv2 ViT-S/14 batch size 64...
Testing DINOv2 ViT-S/14 batch size 128...
Testing DINOv2 ViT-S/14 batch size 256...
Testing DINOv2 ViT-S/14 batch size 512...
OOM at DINOv2 ViT-S/14 batch size 512.
Testing DINOv2 ViT-S/14 batch size 384...
Testing DINOv2 ViT-S/14 batch size 448...
Testing DINOv2 ViT-S/14 batch size 480...
Testing DINOv2 ViT-S/14 batch size 464...
Testing DINOv2 ViT-S/14 batch size 456...
Testing DINOv2 ViT-S/14 batch size 452...
Testing DINOv2 ViT-S/14 batch size 450...
Testing DINOv2 ViT-S/14 batch size 451...

--- DINOv2 ViT-S/14 Stable Maximum ---
Batch size : 451
Throughput: 16.79 images/second
Peak VRAM : 21.24 GB

--- BENCHMARK SUMMARY (PyTorch AMP, 224x224, training step) ---
ResNet-50       : batch 513 | 15.55 img/s | Peak VRAM: 21.72 GB
DINOv2 ViT-S/14 : batch 451 | 16.79 img/s | Peak VRAM: 21.24 GB
Benchmark completed successfully. Run log: C:\Src\benchmark_20260927_200928.log
