
==========================================
 STARTING FULL FINE-TUNING GRID (24 RUNS)
==========================================

Progress: [1/24]

==========================================
 Executing Run: Backbone=resnet50 | k=5 | Seed=0
==========================================
--> Stage 1: Training FC Head (10 Epochs)
    Epoch 1/10 - Loss: 3.7151
    Epoch 2/10 - Loss: 2.6784
    Epoch 3/10 - Loss: 2.0730
    Epoch 4/10 - Loss: 1.5002
    Epoch 5/10 - Loss: 1.2714
    Epoch 6/10 - Loss: 0.9458
    Epoch 7/10 - Loss: 0.7437
    Epoch 8/10 - Loss: 0.6058
    Epoch 9/10 - Loss: 0.6002
    Epoch 10/10 - Loss: 0.4394

--> Stage 2: Full Fine-Tuning (30 Epochs)
    Epoch 5/30 - Loss: 0.2832
    Epoch 10/30 - Loss: 0.1628
    Epoch 15/30 - Loss: 0.1090
    Epoch 20/30 - Loss: 0.1789
    Epoch 25/30 - Loss: 0.1114
    Epoch 30/30 - Loss: 0.1044

--> Completed Run | Top-1 Test Accuracy: 71.24%
[CSV Log] Successfully saved result to 'results/finetune_grid_fixed.csv'

Progress: [2/24]

==========================================
 Executing Run: Backbone=resnet50 | k=5 | Seed=1
==========================================
--> Stage 1: Training FC Head (10 Epochs)
    Epoch 1/10 - Loss: 3.7585
    Epoch 2/10 - Loss: 2.7177
    Epoch 3/10 - Loss: 2.1005
    Epoch 4/10 - Loss: 1.6086
    Epoch 5/10 - Loss: 1.2188
    Epoch 6/10 - Loss: 0.9956
    Epoch 7/10 - Loss: 0.7678
    Epoch 8/10 - Loss: 0.8066
    Epoch 9/10 - Loss: 0.6237
    Epoch 10/10 - Loss: 0.5566

--> Stage 2: Full Fine-Tuning (30 Epochs)
    Epoch 5/30 - Loss: 0.2978
    Epoch 10/30 - Loss: 0.2095
    Epoch 15/30 - Loss: 0.1173
    Epoch 20/30 - Loss: 0.1825
    Epoch 25/30 - Loss: 0.0913
    Epoch 30/30 - Loss: 0.1175

--> Completed Run | Top-1 Test Accuracy: 72.60%
[CSV Log] Successfully saved result to 'results/finetune_grid_fixed.csv'

Progress: [3/24]

==========================================
 Executing Run: Backbone=resnet50 | k=5 | Seed=2
==========================================
--> Stage 1: Training FC Head (10 Epochs)
    Epoch 1/10 - Loss: 3.7378
    Epoch 2/10 - Loss: 2.7015
    Epoch 3/10 - Loss: 2.1439
    Epoch 4/10 - Loss: 1.5189
    Epoch 5/10 - Loss: 1.2484
    Epoch 6/10 - Loss: 1.0025
    Epoch 7/10 - Loss: 0.8425
    Epoch 8/10 - Loss: 0.6295
    Epoch 9/10 - Loss: 0.6512
    Epoch 10/10 - Loss: 0.5783

--> Stage 2: Full Fine-Tuning (30 Epochs)
    Epoch 5/30 - Loss: 0.2651
    Epoch 10/30 - Loss: 0.1585
    Epoch 15/30 - Loss: 0.1248
    Epoch 20/30 - Loss: 0.2135
    Epoch 25/30 - Loss: 0.1393
    Epoch 30/30 - Loss: 0.1614

--> Completed Run | Top-1 Test Accuracy: 70.57%
[CSV Log] Successfully saved result to 'results/finetune_grid_fixed.csv'

Progress: [4/24]

==========================================
 Executing Run: Backbone=resnet50 | k=10 | Seed=0
==========================================
--> Stage 1: Training FC Head (10 Epochs)
    Epoch 1/10 - Loss: 3.4759
    Epoch 2/10 - Loss: 2.2752
    Epoch 3/10 - Loss: 1.4608
    Epoch 4/10 - Loss: 1.0125
    Epoch 5/10 - Loss: 0.7711
    Epoch 6/10 - Loss: 0.6795
    Epoch 7/10 - Loss: 0.5836
    Epoch 8/10 - Loss: 0.5966
    Epoch 9/10 - Loss: 0.5268
    Epoch 10/10 - Loss: 0.4680

--> Stage 2: Full Fine-Tuning (30 Epochs)
    Epoch 5/30 - Loss: 0.3275
    Epoch 10/30 - Loss: 0.2713
    Epoch 15/30 - Loss: 0.1801
    Epoch 20/30 - Loss: 0.1807
    Epoch 25/30 - Loss: 0.1777
    Epoch 30/30 - Loss: 0.1917

--> Completed Run | Top-1 Test Accuracy: 79.43%
[CSV Log] Successfully saved result to 'results/finetune_grid_fixed.csv'

Progress: [5/24]

==========================================
 Executing Run: Backbone=resnet50 | k=10 | Seed=1
==========================================
--> Stage 1: Training FC Head (10 Epochs)
    Epoch 1/10 - Loss: 3.3384
    Epoch 2/10 - Loss: 2.0422
    Epoch 3/10 - Loss: 1.3348
    Epoch 4/10 - Loss: 0.9105
    Epoch 5/10 - Loss: 0.7337
    Epoch 6/10 - Loss: 0.6216
    Epoch 7/10 - Loss: 0.5226
    Epoch 8/10 - Loss: 0.5219
    Epoch 9/10 - Loss: 0.4730
    Epoch 10/10 - Loss: 0.3612

--> Stage 2: Full Fine-Tuning (30 Epochs)
    Epoch 5/30 - Loss: 0.2988
    Epoch 10/30 - Loss: 0.2311
    Epoch 15/30 - Loss: 0.2306
    Epoch 20/30 - Loss: 0.2397
    Epoch 25/30 - Loss: 0.1771
    Epoch 30/30 - Loss: 0.2061

--> Completed Run | Top-1 Test Accuracy: 76.05%
[CSV Log] Successfully saved result to 'results/finetune_grid_fixed.csv'

Progress: [6/24]

==========================================
 Executing Run: Backbone=resnet50 | k=10 | Seed=2
==========================================
--> Stage 1: Training FC Head (10 Epochs)
    Epoch 1/10 - Loss: 3.2573
    Epoch 2/10 - Loss: 2.0291
    Epoch 3/10 - Loss: 1.2847
    Epoch 4/10 - Loss: 0.9139
    Epoch 5/10 - Loss: 0.7717
    Epoch 6/10 - Loss: 0.7168
    Epoch 7/10 - Loss: 0.6046
    Epoch 8/10 - Loss: 0.4742
    Epoch 9/10 - Loss: 0.4944
    Epoch 10/10 - Loss: 0.4514

--> Stage 2: Full Fine-Tuning (30 Epochs)
    Epoch 5/30 - Loss: 0.3604
    Epoch 10/30 - Loss: 0.2119
    Epoch 15/30 - Loss: 0.1969
    Epoch 20/30 - Loss: 0.2917
    Epoch 25/30 - Loss: 0.1556
    Epoch 30/30 - Loss: 0.1972

--> Completed Run | Top-1 Test Accuracy: 72.87%
[CSV Log] Successfully saved result to 'results/finetune_grid_fixed.csv'

Progress: [7/24]

==========================================
 Executing Run: Backbone=resnet50 | k=25 | Seed=0
==========================================
--> Stage 1: Training FC Head (10 Epochs)
    Epoch 1/10 - Loss: 2.7438
    Epoch 2/10 - Loss: 1.1858
    Epoch 3/10 - Loss: 0.8006
    Epoch 4/10 - Loss: 0.6474
    Epoch 5/10 - Loss: 0.5623
    Epoch 6/10 - Loss: 0.5366
    Epoch 7/10 - Loss: 0.4645
    Epoch 8/10 - Loss: 0.4516
    Epoch 9/10 - Loss: 0.4079
    Epoch 10/10 - Loss: 0.3956

--> Stage 2: Full Fine-Tuning (30 Epochs)
    Epoch 5/30 - Loss: 0.4547
    Epoch 10/30 - Loss: 0.3317
    Epoch 15/30 - Loss: 0.2784
    Epoch 20/30 - Loss: 0.2327
    Epoch 25/30 - Loss: 0.2453
    Epoch 30/30 - Loss: 0.2543

--> Completed Run | Top-1 Test Accuracy: 82.88%
[CSV Log] Successfully saved result to 'results/finetune_grid_fixed.csv'

Progress: [8/24]

==========================================
 Executing Run: Backbone=resnet50 | k=25 | Seed=1
==========================================
--> Stage 1: Training FC Head (10 Epochs)
    Epoch 1/10 - Loss: 2.6170
    Epoch 2/10 - Loss: 1.1532
    Epoch 3/10 - Loss: 0.7194
    Epoch 4/10 - Loss: 0.6286
    Epoch 5/10 - Loss: 0.5383
    Epoch 6/10 - Loss: 0.4736
    Epoch 7/10 - Loss: 0.4442
    Epoch 8/10 - Loss: 0.4032
    Epoch 9/10 - Loss: 0.3782
    Epoch 10/10 - Loss: 0.3722

--> Stage 2: Full Fine-Tuning (30 Epochs)
    Epoch 5/30 - Loss: 0.4009
    Epoch 10/30 - Loss: 0.3293
    Epoch 15/30 - Loss: 0.2772
    Epoch 20/30 - Loss: 0.2766
    Epoch 25/30 - Loss: 0.2301
    Epoch 30/30 - Loss: 0.1896

--> Completed Run | Top-1 Test Accuracy: 80.65%
[CSV Log] Successfully saved result to 'results/finetune_grid_fixed.csv'

Progress: [9/24]

==========================================
 Executing Run: Backbone=resnet50 | k=25 | Seed=2
==========================================
--> Stage 1: Training FC Head (10 Epochs)
    Epoch 1/10 - Loss: 2.6202
    Epoch 2/10 - Loss: 1.1243
    Epoch 3/10 - Loss: 0.7668
    Epoch 4/10 - Loss: 0.6799
    Epoch 5/10 - Loss: 0.5518
    Epoch 6/10 - Loss: 0.4723
    Epoch 7/10 - Loss: 0.4791
    Epoch 8/10 - Loss: 0.4280
    Epoch 9/10 - Loss: 0.3994
    Epoch 10/10 - Loss: 0.3682

--> Stage 2: Full Fine-Tuning (30 Epochs)
    Epoch 5/30 - Loss: 0.4315
    Epoch 10/30 - Loss: 0.2906
    Epoch 15/30 - Loss: 0.3139
    Epoch 20/30 - Loss: 0.2347
    Epoch 25/30 - Loss: 0.2673
    Epoch 30/30 - Loss: 0.2349

--> Completed Run | Top-1 Test Accuracy: 83.36%
[CSV Log] Successfully saved result to 'results/finetune_grid_fixed.csv'

Progress: [10/24]

==========================================
 Executing Run: Backbone=resnet50 | k=all | Seed=0
==========================================
--> Stage 1: Training FC Head (10 Epochs)
    Epoch 1/10 - Loss: 1.0845
    Epoch 2/10 - Loss: 0.5202
    Epoch 3/10 - Loss: 0.4895
    Epoch 4/10 - Loss: 0.4298
    Epoch 5/10 - Loss: 0.4249
    Epoch 6/10 - Loss: 0.3978
    Epoch 7/10 - Loss: 0.3967
    Epoch 8/10 - Loss: 0.3992
    Epoch 9/10 - Loss: 0.3908
    Epoch 10/10 - Loss: 0.3956

--> Stage 2: Full Fine-Tuning (30 Epochs)
    Epoch 5/30 - Loss: 0.4825
    Epoch 10/30 - Loss: 0.4272
    Epoch 15/30 - Loss: 0.3382
    Epoch 20/30 - Loss: 0.3605
    Epoch 25/30 - Loss: 0.3342
    Epoch 30/30 - Loss: 0.3352

--> Completed Run | Top-1 Test Accuracy: 91.20%
[CSV Log] Successfully saved result to 'results/finetune_grid_fixed.csv'

Progress: [11/24]

==========================================
 Executing Run: Backbone=resnet50 | k=all | Seed=1
==========================================
--> Stage 1: Training FC Head (10 Epochs)
    Epoch 1/10 - Loss: 1.0569
    Epoch 2/10 - Loss: 0.5492
    Epoch 3/10 - Loss: 0.4639
    Epoch 4/10 - Loss: 0.4430
    Epoch 5/10 - Loss: 0.4000
    Epoch 6/10 - Loss: 0.4145
    Epoch 7/10 - Loss: 0.4052
    Epoch 8/10 - Loss: 0.4161
    Epoch 9/10 - Loss: 0.3957
    Epoch 10/10 - Loss: 0.3911

--> Stage 2: Full Fine-Tuning (30 Epochs)
    Epoch 5/30 - Loss: 0.5219
    Epoch 10/30 - Loss: 0.4352
    Epoch 15/30 - Loss: 0.3986
    Epoch 20/30 - Loss: 0.3911
    Epoch 25/30 - Loss: 0.3543
    Epoch 30/30 - Loss: 0.3277

--> Completed Run | Top-1 Test Accuracy: 90.19%
[CSV Log] Successfully saved result to 'results/finetune_grid_fixed.csv'

Progress: [12/24]

==========================================
 Executing Run: Backbone=resnet50 | k=all | Seed=2
==========================================
--> Stage 1: Training FC Head (10 Epochs)
    Epoch 1/10 - Loss: 1.0889
    Epoch 2/10 - Loss: 0.5369
    Epoch 3/10 - Loss: 0.4736
    Epoch 4/10 - Loss: 0.4352
    Epoch 5/10 - Loss: 0.4178
    Epoch 6/10 - Loss: 0.3999
    Epoch 7/10 - Loss: 0.3943
    Epoch 8/10 - Loss: 0.3947
    Epoch 9/10 - Loss: 0.3768
    Epoch 10/10 - Loss: 0.3755

--> Stage 2: Full Fine-Tuning (30 Epochs)
    Epoch 5/30 - Loss: 0.5194
    Epoch 10/30 - Loss: 0.4332
    Epoch 15/30 - Loss: 0.3874
    Epoch 20/30 - Loss: 0.3732
    Epoch 25/30 - Loss: 0.3659
    Epoch 30/30 - Loss: 0.3183

--> Completed Run | Top-1 Test Accuracy: 90.80%
[CSV Log] Successfully saved result to 'results/finetune_grid_fixed.csv'

Progress: [13/24]

==========================================
 Executing Run: Backbone=dinov2 | k=5 | Seed=0
==========================================
Using cache found in C:\Users\ASUS/.cache\torch\hub\facebookresearch_dinov2_main
W1007 03:06:09.095000 33340 site-packages\torch\utils\flop_counter.py:29] triton not found; flop counting will not work for triton kernels
A matching Triton is not available, some optimizations will not be enabled
Traceback (most recent call last):
  File "C:\Src\.conda\Lib\site-packages\xformers\__init__.py", line 57, in _is_triton_available
    import triton  # noqa
    ^^^^^^^^^^^^^
ModuleNotFoundError: No module named 'triton'
C:\Users\ASUS/.cache\torch\hub\facebookresearch_dinov2_main\dinov2\layers\swiglu_ffn.py:43: UserWarning: xFormers is available (SwiGLU)
  warnings.warn("xFormers is available (SwiGLU)")
C:\Users\ASUS/.cache\torch\hub\facebookresearch_dinov2_main\dinov2\layers\attention.py:27: UserWarning: xFormers is available (Attention)
  warnings.warn("xFormers is available (Attention)")
C:\Users\ASUS/.cache\torch\hub\facebookresearch_dinov2_main\dinov2\layers\block.py:33: UserWarning: xFormers is available (Block)
  warnings.warn("xFormers is available (Block)")
--> Stage 1: Training FC Head (10 Epochs)
    Epoch 1/10 - Loss: 3.9834
    Epoch 2/10 - Loss: 2.4685
    Epoch 3/10 - Loss: 1.3802
    Epoch 4/10 - Loss: 0.8590
    Epoch 5/10 - Loss: 0.5910
    Epoch 6/10 - Loss: 0.4495
    Epoch 7/10 - Loss: 0.3837
    Epoch 8/10 - Loss: 0.2881
    Epoch 9/10 - Loss: 0.2709
    Epoch 10/10 - Loss: 0.2624

--> Stage 2: Full Fine-Tuning (30 Epochs)
    Epoch 5/30 - Loss: 0.2281
    Epoch 10/30 - Loss: 0.1958
    Epoch 15/30 - Loss: 0.0959
    Epoch 20/30 - Loss: 0.1104
    Epoch 25/30 - Loss: 0.1097
    Epoch 30/30 - Loss: 0.0990

--> Completed Run | Top-1 Test Accuracy: 77.54%
[CSV Log] Successfully saved result to 'results/finetune_grid_fixed.csv'

Progress: [14/24]

==========================================
 Executing Run: Backbone=dinov2 | k=5 | Seed=1
==========================================
Using cache found in C:\Users\ASUS/.cache\torch\hub\facebookresearch_dinov2_main
--> Stage 1: Training FC Head (10 Epochs)
    Epoch 1/10 - Loss: 4.2556
    Epoch 2/10 - Loss: 2.5488
    Epoch 3/10 - Loss: 1.4946
    Epoch 4/10 - Loss: 0.9791
    Epoch 5/10 - Loss: 0.7265
    Epoch 6/10 - Loss: 0.5261
    Epoch 7/10 - Loss: 0.2901
    Epoch 8/10 - Loss: 0.3681
    Epoch 9/10 - Loss: 0.3552
    Epoch 10/10 - Loss: 0.2505

--> Stage 2: Full Fine-Tuning (30 Epochs)
    Epoch 5/30 - Loss: 0.1949
    Epoch 10/30 - Loss: 0.1496
    Epoch 15/30 - Loss: 0.1098
    Epoch 20/30 - Loss: 0.0405
    Epoch 25/30 - Loss: 0.0949
    Epoch 30/30 - Loss: 0.1545

--> Completed Run | Top-1 Test Accuracy: 84.64%
[CSV Log] Successfully saved result to 'results/finetune_grid_fixed.csv'

Progress: [15/24]

==========================================
 Executing Run: Backbone=dinov2 | k=5 | Seed=2
==========================================
Using cache found in C:\Users\ASUS/.cache\torch\hub\facebookresearch_dinov2_main
--> Stage 1: Training FC Head (10 Epochs)
    Epoch 1/10 - Loss: 4.4776
    Epoch 2/10 - Loss: 2.8209
    Epoch 3/10 - Loss: 1.7617
    Epoch 4/10 - Loss: 1.2016
    Epoch 5/10 - Loss: 0.6604
    Epoch 6/10 - Loss: 0.4954
    Epoch 7/10 - Loss: 0.4265
    Epoch 8/10 - Loss: 0.4050
    Epoch 9/10 - Loss: 0.3501
    Epoch 10/10 - Loss: 0.3292

--> Stage 2: Full Fine-Tuning (30 Epochs)
    Epoch 5/30 - Loss: 0.3480
    Epoch 10/30 - Loss: 0.1156
    Epoch 15/30 - Loss: 0.1386
    Epoch 20/30 - Loss: 0.0813
    Epoch 25/30 - Loss: 0.1604
    Epoch 30/30 - Loss: 0.0572

--> Completed Run | Top-1 Test Accuracy: 81.80%
[CSV Log] Successfully saved result to 'results/finetune_grid_fixed.csv'

Progress: [16/24]

==========================================
 Executing Run: Backbone=dinov2 | k=10 | Seed=0
==========================================
Using cache found in C:\Users\ASUS/.cache\torch\hub\facebookresearch_dinov2_main
--> Stage 1: Training FC Head (10 Epochs)
    Epoch 1/10 - Loss: 3.4013
    Epoch 2/10 - Loss: 1.3895
    Epoch 3/10 - Loss: 0.7240
    Epoch 4/10 - Loss: 0.5492
    Epoch 5/10 - Loss: 0.3873
    Epoch 6/10 - Loss: 0.3278
    Epoch 7/10 - Loss: 0.3387
    Epoch 8/10 - Loss: 0.3041
    Epoch 9/10 - Loss: 0.2365
    Epoch 10/10 - Loss: 0.2120

--> Stage 2: Full Fine-Tuning (30 Epochs)
    Epoch 5/30 - Loss: 0.2654
    Epoch 10/30 - Loss: 0.2565
    Epoch 15/30 - Loss: 0.2253
    Epoch 20/30 - Loss: 0.0976
    Epoch 25/30 - Loss: 0.1780
    Epoch 30/30 - Loss: 0.0889

--> Completed Run | Top-1 Test Accuracy: 84.10%
[CSV Log] Successfully saved result to 'results/finetune_grid_fixed.csv'

Progress: [17/24]

==========================================
 Executing Run: Backbone=dinov2 | k=10 | Seed=1
==========================================
Using cache found in C:\Users\ASUS/.cache\torch\hub\facebookresearch_dinov2_main
--> Stage 1: Training FC Head (10 Epochs)
    Epoch 1/10 - Loss: 3.5022
    Epoch 2/10 - Loss: 1.4465
    Epoch 3/10 - Loss: 0.6960
    Epoch 4/10 - Loss: 0.5515
    Epoch 5/10 - Loss: 0.3706
    Epoch 6/10 - Loss: 0.3381
    Epoch 7/10 - Loss: 0.2579
    Epoch 8/10 - Loss: 0.2869
    Epoch 9/10 - Loss: 0.2444
    Epoch 10/10 - Loss: 0.2910

--> Stage 2: Full Fine-Tuning (30 Epochs)
    Epoch 5/30 - Loss: 0.2177
    Epoch 10/30 - Loss: 0.2319
    Epoch 15/30 - Loss: 0.1747
    Epoch 20/30 - Loss: 0.1088
    Epoch 25/30 - Loss: 0.1238
    Epoch 30/30 - Loss: 0.1134

--> Completed Run | Top-1 Test Accuracy: 85.79%
[CSV Log] Successfully saved result to 'results/finetune_grid_fixed.csv'

Progress: [18/24]

==========================================
 Executing Run: Backbone=dinov2 | k=10 | Seed=2
==========================================
Using cache found in C:\Users\ASUS/.cache\torch\hub\facebookresearch_dinov2_main
--> Stage 1: Training FC Head (10 Epochs)
    Epoch 1/10 - Loss: 3.8044
    Epoch 2/10 - Loss: 1.6067
    Epoch 3/10 - Loss: 0.7345
    Epoch 4/10 - Loss: 0.6284
    Epoch 5/10 - Loss: 0.4251
    Epoch 6/10 - Loss: 0.3901
    Epoch 7/10 - Loss: 0.3383
    Epoch 8/10 - Loss: 0.2894
    Epoch 9/10 - Loss: 0.2800
    Epoch 10/10 - Loss: 0.2516

--> Stage 2: Full Fine-Tuning (30 Epochs)
    Epoch 5/30 - Loss: 0.2213
    Epoch 10/30 - Loss: 0.1339
    Epoch 15/30 - Loss: 0.1655
    Epoch 20/30 - Loss: 0.0791
    Epoch 25/30 - Loss: 0.0643
    Epoch 30/30 - Loss: 0.0917

--> Completed Run | Top-1 Test Accuracy: 86.27%
[CSV Log] Successfully saved result to 'results/finetune_grid_fixed.csv'

Progress: [19/24]

==========================================
 Executing Run: Backbone=dinov2 | k=25 | Seed=0
==========================================
Using cache found in C:\Users\ASUS/.cache\torch\hub\facebookresearch_dinov2_main
--> Stage 1: Training FC Head (10 Epochs)
    Epoch 1/10 - Loss: 2.3407
    Epoch 2/10 - Loss: 0.6740
    Epoch 3/10 - Loss: 0.4513
    Epoch 4/10 - Loss: 0.3978
    Epoch 5/10 - Loss: 0.3515
    Epoch 6/10 - Loss: 0.3368
    Epoch 7/10 - Loss: 0.2454
    Epoch 8/10 - Loss: 0.2275
    Epoch 9/10 - Loss: 0.2106
    Epoch 10/10 - Loss: 0.1830

--> Stage 2: Full Fine-Tuning (30 Epochs)
    Epoch 5/30 - Loss: 0.2478
    Epoch 10/30 - Loss: 0.2893
    Epoch 15/30 - Loss: 0.1394
    Epoch 20/30 - Loss: 0.2024
    Epoch 25/30 - Loss: 0.1667
    Epoch 30/30 - Loss: 0.1625

--> Completed Run | Top-1 Test Accuracy: 88.97%
[CSV Log] Successfully saved result to 'results/finetune_grid_fixed.csv'

Progress: [20/24]

==========================================
 Executing Run: Backbone=dinov2 | k=25 | Seed=1
==========================================
Using cache found in C:\Users\ASUS/.cache\torch\hub\facebookresearch_dinov2_main
--> Stage 1: Training FC Head (10 Epochs)
    Epoch 1/10 - Loss: 2.3894
    Epoch 2/10 - Loss: 0.6624
    Epoch 3/10 - Loss: 0.4415
    Epoch 4/10 - Loss: 0.3572
    Epoch 5/10 - Loss: 0.2888
    Epoch 6/10 - Loss: 0.3016
    Epoch 7/10 - Loss: 0.2418
    Epoch 8/10 - Loss: 0.2434
    Epoch 9/10 - Loss: 0.1989
    Epoch 10/10 - Loss: 0.2682

--> Stage 2: Full Fine-Tuning (30 Epochs)
    Epoch 5/30 - Loss: 0.2206
    Epoch 10/30 - Loss: 0.1638
    Epoch 15/30 - Loss: 0.1637
    Epoch 20/30 - Loss: 0.2094
    Epoch 25/30 - Loss: 0.1976
    Epoch 30/30 - Loss: 0.1503

--> Completed Run | Top-1 Test Accuracy: 88.63%
[CSV Log] Successfully saved result to 'results/finetune_grid_fixed.csv'

Progress: [21/24]

==========================================
 Executing Run: Backbone=dinov2 | k=25 | Seed=2
==========================================
Using cache found in C:\Users\ASUS/.cache\torch\hub\facebookresearch_dinov2_main
--> Stage 1: Training FC Head (10 Epochs)
    Epoch 1/10 - Loss: 2.4424
    Epoch 2/10 - Loss: 0.6982
    Epoch 3/10 - Loss: 0.4599
    Epoch 4/10 - Loss: 0.3846
    Epoch 5/10 - Loss: 0.2802
    Epoch 6/10 - Loss: 0.2996
    Epoch 7/10 - Loss: 0.2572
    Epoch 8/10 - Loss: 0.2554
    Epoch 9/10 - Loss: 0.2078
    Epoch 10/10 - Loss: 0.1920

--> Stage 2: Full Fine-Tuning (30 Epochs)
    Epoch 5/30 - Loss: 0.2829
    Epoch 10/30 - Loss: 0.2214
    Epoch 15/30 - Loss: 0.2336
    Epoch 20/30 - Loss: 0.1682
    Epoch 25/30 - Loss: 0.2021
    Epoch 30/30 - Loss: 0.1639

--> Completed Run | Top-1 Test Accuracy: 89.51%
[CSV Log] Successfully saved result to 'results/finetune_grid_fixed.csv'

Progress: [22/24]

==========================================
 Executing Run: Backbone=dinov2 | k=all | Seed=0
==========================================
Using cache found in C:\Users\ASUS/.cache\torch\hub\facebookresearch_dinov2_main
--> Stage 1: Training FC Head (10 Epochs)
    Epoch 1/10 - Loss: 0.8094
    Epoch 2/10 - Loss: 0.3579
    Epoch 3/10 - Loss: 0.2859
    Epoch 4/10 - Loss: 0.2809
    Epoch 5/10 - Loss: 0.2787
    Epoch 6/10 - Loss: 0.2473
    Epoch 7/10 - Loss: 0.2364
    Epoch 8/10 - Loss: 0.2511
    Epoch 9/10 - Loss: 0.2310
    Epoch 10/10 - Loss: 0.2169

--> Stage 2: Full Fine-Tuning (30 Epochs)
    Epoch 5/30 - Loss: 0.3092
    Epoch 10/30 - Loss: 0.2601
    Epoch 15/30 - Loss: 0.2103
    Epoch 20/30 - Loss: 0.2110
    Epoch 25/30 - Loss: 0.1853
    Epoch 30/30 - Loss: 0.1739

--> Completed Run | Top-1 Test Accuracy: 93.50%
[CSV Log] Successfully saved result to 'results/finetune_grid_fixed.csv'

Progress: [23/24]

==========================================
 Executing Run: Backbone=dinov2 | k=all | Seed=1
==========================================
Using cache found in C:\Users\ASUS/.cache\torch\hub\facebookresearch_dinov2_main
--> Stage 1: Training FC Head (10 Epochs)
    Epoch 1/10 - Loss: 0.8183
    Epoch 2/10 - Loss: 0.3602
    Epoch 3/10 - Loss: 0.3019
    Epoch 4/10 - Loss: 0.2696
    Epoch 5/10 - Loss: 0.2566
    Epoch 6/10 - Loss: 0.2470
    Epoch 7/10 - Loss: 0.2261
    Epoch 8/10 - Loss: 0.2379
    Epoch 9/10 - Loss: 0.2411
    Epoch 10/10 - Loss: 0.2307

--> Stage 2: Full Fine-Tuning (30 Epochs)
    Epoch 5/30 - Loss: 0.3027
    Epoch 10/30 - Loss: 0.2387
    Epoch 15/30 - Loss: 0.2283
    Epoch 20/30 - Loss: 0.2131
    Epoch 25/30 - Loss: 0.1983
    Epoch 30/30 - Loss: 0.1828

--> Completed Run | Top-1 Test Accuracy: 94.65%
[CSV Log] Successfully saved result to 'results/finetune_grid_fixed.csv'

Progress: [24/24]

==========================================
 Executing Run: Backbone=dinov2 | k=all | Seed=2
==========================================
Using cache found in C:\Users\ASUS/.cache\torch\hub\facebookresearch_dinov2_main
--> Stage 1: Training FC Head (10 Epochs)
    Epoch 1/10 - Loss: 0.8562
    Epoch 2/10 - Loss: 0.3588
    Epoch 3/10 - Loss: 0.3023
    Epoch 4/10 - Loss: 0.2727
    Epoch 5/10 - Loss: 0.2586
    Epoch 6/10 - Loss: 0.2737
    Epoch 7/10 - Loss: 0.2559
    Epoch 8/10 - Loss: 0.2470
    Epoch 9/10 - Loss: 0.2169
    Epoch 10/10 - Loss: 0.2309

--> Stage 2: Full Fine-Tuning (30 Epochs)
    Epoch 5/30 - Loss: 0.3147
    Epoch 10/30 - Loss: 0.2533
    Epoch 15/30 - Loss: 0.2204
    Epoch 20/30 - Loss: 0.2212
    Epoch 25/30 - Loss: 0.1973
    Epoch 30/30 - Loss: 0.1993

--> Completed Run | Top-1 Test Accuracy: 93.98%
[CSV Log] Successfully saved result to 'results/finetune_grid_fixed.csv'
EXIT CODE: 0
