[LOAD] features/resnet50_pets.npz ...
[1/280] knn           resnet50  pets     k=  1 seed=0 → acc=71.58% (0.055s)
[2/280] linear_probe  resnet50  pets     k=  1 seed=0 → acc=70.03% (0.999s)
[3/280] knn           resnet50  pets     k=  1 seed=1 → acc=74.70% (0.028s)
[4/280] linear_probe  resnet50  pets     k=  1 seed=1 → acc=75.71% (0.602s)
[5/280] knn           resnet50  pets     k=  1 seed=2 → acc=70.57% (0.024s)
[6/280] linear_probe  resnet50  pets     k=  1 seed=2 → acc=72.46% (0.061s)
[7/280] knn           resnet50  pets     k=  1 seed=3 → acc=81.39% (0.016s)
[8/280] linear_probe  resnet50  pets     k=  1 seed=3 → acc=81.87% (0.04s)
[9/280] knn           resnet50  pets     k=  1 seed=4 → acc=80.38% (0.015s)
[10/280] linear_probe  resnet50  pets     k=  1 seed=4 → acc=81.19% (0.041s)
[11/280] knn           resnet50  pets     k=  2 seed=0 → acc=80.58% (0.017s)
[12/280] linear_probe  resnet50  pets     k=  2 seed=0 → acc=80.24% (0.051s)
[13/280] knn           resnet50  pets     k=  2 seed=1 → acc=83.15% (0.018s)
[14/280] linear_probe  resnet50  pets     k=  2 seed=1 → acc=84.71% (0.031s)
[15/280] knn           resnet50  pets     k=  2 seed=2 → acc=77.27% (0.017s)
[16/280] linear_probe  resnet50  pets     k=  2 seed=2 → acc=78.69% (0.03s)
[17/280] knn           resnet50  pets     k=  2 seed=3 → acc=86.60% (0.018s)
[18/280] linear_probe  resnet50  pets     k=  2 seed=3 → acc=84.98% (0.03s)
[19/280] knn           resnet50  pets     k=  2 seed=4 → acc=84.98% (0.017s)
[20/280] linear_probe  resnet50  pets     k=  2 seed=4 → acc=84.51% (0.131s)
[21/280] knn           resnet50  pets     k=  5 seed=0 → acc=86.40% (0.024s)
[22/280] linear_probe  resnet50  pets     k=  5 seed=0 → acc=88.36% (0.152s)
[23/280] knn           resnet50  pets     k=  5 seed=1 → acc=85.66% (0.023s)
[24/280] linear_probe  resnet50  pets     k=  5 seed=1 → acc=88.29% (0.153s)
[25/280] knn           resnet50  pets     k=  5 seed=2 → acc=85.79% (0.023s)
[26/280] linear_probe  resnet50  pets     k=  5 seed=2 → acc=87.08% (0.152s)
[27/280] knn           resnet50  pets     k=  5 seed=3 → acc=85.18% (0.023s)
[28/280] linear_probe  resnet50  pets     k=  5 seed=3 → acc=87.35% (0.152s)
[29/280] knn           resnet50  pets     k=  5 seed=4 → acc=85.52% (0.024s)
[30/280] linear_probe  resnet50  pets     k=  5 seed=4 → acc=87.35% (0.153s)
[31/280] knn           resnet50  pets     k= 10 seed=0 → acc=88.29% (0.033s)
[32/280] linear_probe  resnet50  pets     k= 10 seed=0 → acc=90.66% (0.205s)
[33/280] knn           resnet50  pets     k= 10 seed=1 → acc=87.69% (0.03s)
[34/280] linear_probe  resnet50  pets     k= 10 seed=1 → acc=90.32% (0.203s)
[35/280] knn           resnet50  pets     k= 10 seed=2 → acc=87.42% (0.031s)
[36/280] linear_probe  resnet50  pets     k= 10 seed=2 → acc=88.70% (0.233s)
[37/280] knn           resnet50  pets     k= 10 seed=3 → acc=88.84% (0.031s)
[38/280] linear_probe  resnet50  pets     k= 10 seed=3 → acc=89.31% (0.204s)
[39/280] knn           resnet50  pets     k= 10 seed=4 → acc=88.16% (0.031s)
[40/280] linear_probe  resnet50  pets     k= 10 seed=4 → acc=89.99% (0.202s)
[41/280] knn           resnet50  pets     k= 25 seed=0 → acc=90.80% (0.067s)
[42/280] linear_probe  resnet50  pets     k= 25 seed=0 → acc=91.81% (0.361s)
[43/280] knn           resnet50  pets     k= 25 seed=1 → acc=89.45% (0.064s)
[44/280] linear_probe  resnet50  pets     k= 25 seed=1 → acc=91.34% (0.351s)
[45/280] knn           resnet50  pets     k= 25 seed=2 → acc=89.38% (0.062s)
[46/280] linear_probe  resnet50  pets     k= 25 seed=2 → acc=91.27% (0.339s)
[47/280] knn           resnet50  pets     k= 25 seed=3 → acc=89.72% (0.061s)
[48/280] linear_probe  resnet50  pets     k= 25 seed=3 → acc=91.61% (0.329s)
[49/280] knn           resnet50  pets     k= 25 seed=4 → acc=90.66% (0.062s)
[50/280] linear_probe  resnet50  pets     k= 25 seed=4 → acc=91.27% (0.329s)
[51/280] knn           resnet50  pets     k= 50 seed=0 → acc=91.95% (0.135s)
[52/280] linear_probe  resnet50  pets     k= 50 seed=0 → acc=92.63% (0.648s)
[53/280] knn           resnet50  pets     k= 50 seed=1 → acc=91.61% (0.129s)
[54/280] linear_probe  resnet50  pets     k= 50 seed=1 → acc=92.49% (0.594s)
[55/280] knn           resnet50  pets     k= 50 seed=2 → acc=91.07% (0.167s)
[56/280] linear_probe  resnet50  pets     k= 50 seed=2 → acc=91.88% (0.703s)
[57/280] knn           resnet50  pets     k= 50 seed=3 → acc=91.41% (0.162s)
[58/280] linear_probe  resnet50  pets     k= 50 seed=3 → acc=92.56% (0.717s)
[59/280] knn           resnet50  pets     k= 50 seed=4 → acc=90.46% (0.158s)
[60/280] linear_probe  resnet50  pets     k= 50 seed=4 → acc=92.02% (0.743s)
[61/280] knn           resnet50  pets     k=all seed=0 → acc=93.03% (0.563s)
[62/280] linear_probe  resnet50  pets     k=all seed=0 → acc=93.44% (2.478s)
[63/280] knn           resnet50  pets     k=all seed=1 → acc=93.03% (0.532s)
[64/280] linear_probe  resnet50  pets     k=all seed=1 → acc=93.44% (2.498s)
[65/280] knn           resnet50  pets     k=all seed=2 → acc=93.03% (0.542s)
[66/280] linear_probe  resnet50  pets     k=all seed=2 → acc=93.44% (2.485s)
[67/280] knn           resnet50  pets     k=all seed=3 → acc=93.03% (0.533s)
[68/280] linear_probe  resnet50  pets     k=all seed=3 → acc=93.44% (2.477s)
[69/280] knn           resnet50  pets     k=all seed=4 → acc=93.03% (0.523s)
[70/280] linear_probe  resnet50  pets     k=all seed=4 → acc=93.44% (2.507s)
[LOAD] features/resnet50_eurosat.npz ...
    [cảnh báo] kNN k=20 > n_train=10 → dùng k_actual=10. (Thường gặp ở EuroSAT k=1/2. Ghi nhận trong báo cáo.)
[71/280] knn           resnet50  eurosat  k=  1 seed=0 → acc=65.07% (0.061s)
[72/280] linear_probe  resnet50  eurosat  k=  1 seed=0 → acc=66.37% (0.07s)
    [cảnh báo] kNN k=20 > n_train=10 → dùng k_actual=10. (Thường gặp ở EuroSAT k=1/2. Ghi nhận trong báo cáo.)
[73/280] knn           resnet50  eurosat  k=  1 seed=1 → acc=50.07% (0.019s)
[74/280] linear_probe  resnet50  eurosat  k=  1 seed=1 → acc=52.85% (0.064s)
    [cảnh báo] kNN k=20 > n_train=10 → dùng k_actual=10. (Thường gặp ở EuroSAT k=1/2. Ghi nhận trong báo cáo.)
[75/280] knn           resnet50  eurosat  k=  1 seed=2 → acc=53.52% (0.019s)
[76/280] linear_probe  resnet50  eurosat  k=  1 seed=2 → acc=53.56% (0.064s)
    [cảnh báo] kNN k=20 > n_train=10 → dùng k_actual=10. (Thường gặp ở EuroSAT k=1/2. Ghi nhận trong báo cáo.)
[77/280] knn           resnet50  eurosat  k=  1 seed=3 → acc=56.26% (0.018s)
[78/280] linear_probe  resnet50  eurosat  k=  1 seed=3 → acc=59.96% (0.063s)
    [cảnh báo] kNN k=20 > n_train=10 → dùng k_actual=10. (Thường gặp ở EuroSAT k=1/2. Ghi nhận trong báo cáo.)
[79/280] knn           resnet50  eurosat  k=  1 seed=4 → acc=52.81% (0.018s)
[80/280] linear_probe  resnet50  eurosat  k=  1 seed=4 → acc=53.52% (0.066s)
[81/280] knn           resnet50  eurosat  k=  2 seed=0 → acc=68.26% (0.021s)
[82/280] linear_probe  resnet50  eurosat  k=  2 seed=0 → acc=68.67% (0.064s)
[83/280] knn           resnet50  eurosat  k=  2 seed=1 → acc=65.04% (0.021s)
[84/280] linear_probe  resnet50  eurosat  k=  2 seed=1 → acc=67.33% (0.064s)
[85/280] knn           resnet50  eurosat  k=  2 seed=2 → acc=70.85% (0.02s)
[86/280] linear_probe  resnet50  eurosat  k=  2 seed=2 → acc=70.44% (0.065s)
[87/280] knn           resnet50  eurosat  k=  2 seed=3 → acc=69.33% (0.02s)
[88/280] linear_probe  resnet50  eurosat  k=  2 seed=3 → acc=72.19% (0.064s)
[89/280] knn           resnet50  eurosat  k=  2 seed=4 → acc=62.81% (0.021s)
[90/280] linear_probe  resnet50  eurosat  k=  2 seed=4 → acc=64.81% (0.064s)
[91/280] knn           resnet50  eurosat  k=  5 seed=0 → acc=71.44% (0.028s)
[92/280] linear_probe  resnet50  eurosat  k=  5 seed=0 → acc=79.81% (0.071s)
[93/280] knn           resnet50  eurosat  k=  5 seed=1 → acc=67.33% (0.029s)
[94/280] linear_probe  resnet50  eurosat  k=  5 seed=1 → acc=76.00% (0.073s)
[95/280] knn           resnet50  eurosat  k=  5 seed=2 → acc=74.37% (0.029s)
[96/280] linear_probe  resnet50  eurosat  k=  5 seed=2 → acc=79.07% (0.073s)
[97/280] knn           resnet50  eurosat  k=  5 seed=3 → acc=72.22% (0.028s)
[98/280] linear_probe  resnet50  eurosat  k=  5 seed=3 → acc=78.19% (0.075s)
[99/280] knn           resnet50  eurosat  k=  5 seed=4 → acc=70.04% (0.028s)
[100/280] linear_probe  resnet50  eurosat  k=  5 seed=4 → acc=75.67% (0.074s)
[101/280] knn           resnet50  eurosat  k= 10 seed=0 → acc=74.07% (0.033s)
[102/280] linear_probe  resnet50  eurosat  k= 10 seed=0 → acc=81.44% (0.085s)
[103/280] knn           resnet50  eurosat  k= 10 seed=1 → acc=71.81% (0.034s)
[104/280] linear_probe  resnet50  eurosat  k= 10 seed=1 → acc=80.96% (0.082s)
[105/280] knn           resnet50  eurosat  k= 10 seed=2 → acc=77.48% (0.034s)
[106/280] linear_probe  resnet50  eurosat  k= 10 seed=2 → acc=82.22% (0.083s)
[107/280] knn           resnet50  eurosat  k= 10 seed=3 → acc=74.59% (0.033s)
[108/280] linear_probe  resnet50  eurosat  k= 10 seed=3 → acc=81.96% (0.076s)
[109/280] knn           resnet50  eurosat  k= 10 seed=4 → acc=72.11% (0.036s)
[110/280] linear_probe  resnet50  eurosat  k= 10 seed=4 → acc=78.00% (0.086s)
[111/280] knn           resnet50  eurosat  k= 25 seed=0 → acc=80.30% (0.047s)
[112/280] linear_probe  resnet50  eurosat  k= 25 seed=0 → acc=86.78% (0.105s)
[113/280] knn           resnet50  eurosat  k= 25 seed=1 → acc=81.00% (0.047s)
[114/280] linear_probe  resnet50  eurosat  k= 25 seed=1 → acc=86.04% (0.106s)
[115/280] knn           resnet50  eurosat  k= 25 seed=2 → acc=81.07% (0.048s)
[116/280] linear_probe  resnet50  eurosat  k= 25 seed=2 → acc=85.19% (0.103s)
[117/280] knn           resnet50  eurosat  k= 25 seed=3 → acc=80.59% (0.047s)
[118/280] linear_probe  resnet50  eurosat  k= 25 seed=3 → acc=86.74% (0.097s)
[119/280] knn           resnet50  eurosat  k= 25 seed=4 → acc=79.33% (0.046s)
[120/280] linear_probe  resnet50  eurosat  k= 25 seed=4 → acc=85.74% (0.107s)
[121/280] knn           resnet50  eurosat  k= 50 seed=0 → acc=82.74% (0.077s)
[122/280] linear_probe  resnet50  eurosat  k= 50 seed=0 → acc=88.04% (0.138s)
[123/280] knn           resnet50  eurosat  k= 50 seed=1 → acc=83.89% (0.067s)
[124/280] linear_probe  resnet50  eurosat  k= 50 seed=1 → acc=88.04% (0.127s)
[125/280] knn           resnet50  eurosat  k= 50 seed=2 → acc=82.70% (0.069s)
[126/280] linear_probe  resnet50  eurosat  k= 50 seed=2 → acc=87.56% (0.154s)
[127/280] knn           resnet50  eurosat  k= 50 seed=3 → acc=83.19% (0.07s)
[128/280] linear_probe  resnet50  eurosat  k= 50 seed=3 → acc=88.63% (0.146s)
[129/280] knn           resnet50  eurosat  k= 50 seed=4 → acc=83.96% (0.066s)
[130/280] linear_probe  resnet50  eurosat  k= 50 seed=4 → acc=88.70% (0.148s)
[131/280] knn           resnet50  eurosat  k=all seed=0 → acc=92.85% (2.936s)
[132/280] linear_probe  resnet50  eurosat  k=all seed=0 → acc=95.04% (8.439s)
[133/280] knn           resnet50  eurosat  k=all seed=1 → acc=92.85% (2.954s)
[134/280] linear_probe  resnet50  eurosat  k=all seed=1 → acc=95.04% (8.64s)
[135/280] knn           resnet50  eurosat  k=all seed=2 → acc=92.85% (2.989s)
[136/280] linear_probe  resnet50  eurosat  k=all seed=2 → acc=95.04% (8.62s)
[137/280] knn           resnet50  eurosat  k=all seed=3 → acc=92.85% (3.004s)
[138/280] linear_probe  resnet50  eurosat  k=all seed=3 → acc=95.04% (8.579s)
[139/280] knn           resnet50  eurosat  k=all seed=4 → acc=92.85% (3.134s)
[140/280] linear_probe  resnet50  eurosat  k=all seed=4 → acc=95.04% (8.637s)
[LOAD] features/dinov2_pets.npz ...
[141/280] knn           dinov2    pets     k=  1 seed=0 → acc=68.94% (0.009s)
[142/280] linear_probe  dinov2    pets     k=  1 seed=0 → acc=69.08% (0.013s)
[143/280] knn           dinov2    pets     k=  1 seed=1 → acc=74.15% (0.009s)
[144/280] linear_probe  dinov2    pets     k=  1 seed=1 → acc=74.70% (0.012s)
[145/280] knn           dinov2    pets     k=  1 seed=2 → acc=68.47% (0.008s)
[146/280] linear_probe  dinov2    pets     k=  1 seed=2 → acc=67.66% (0.016s)
[147/280] knn           dinov2    pets     k=  1 seed=3 → acc=76.73% (0.009s)
[148/280] linear_probe  dinov2    pets     k=  1 seed=3 → acc=76.93% (0.015s)
[149/280] knn           dinov2    pets     k=  1 seed=4 → acc=74.90% (0.009s)
[150/280] linear_probe  dinov2    pets     k=  1 seed=4 → acc=74.70% (0.015s)
[151/280] knn           dinov2    pets     k=  2 seed=0 → acc=78.89% (0.009s)
[152/280] linear_probe  dinov2    pets     k=  2 seed=0 → acc=79.36% (0.015s)
[153/280] knn           dinov2    pets     k=  2 seed=1 → acc=82.68% (0.009s)
[154/280] linear_probe  dinov2    pets     k=  2 seed=1 → acc=82.27% (0.016s)
[155/280] knn           dinov2    pets     k=  2 seed=2 → acc=76.66% (0.009s)
[156/280] linear_probe  dinov2    pets     k=  2 seed=2 → acc=78.08% (0.013s)
[157/280] knn           dinov2    pets     k=  2 seed=3 → acc=84.03% (0.009s)
[158/280] linear_probe  dinov2    pets     k=  2 seed=3 → acc=83.56% (0.015s)
[159/280] knn           dinov2    pets     k=  2 seed=4 → acc=81.26% (0.01s)
[160/280] linear_probe  dinov2    pets     k=  2 seed=4 → acc=81.73% (0.015s)
[161/280] knn           dinov2    pets     k=  5 seed=0 → acc=85.12% (0.011s)
[162/280] linear_probe  dinov2    pets     k=  5 seed=0 → acc=87.82% (0.013s)
[163/280] knn           dinov2    pets     k=  5 seed=1 → acc=85.99% (0.011s)
[164/280] linear_probe  dinov2    pets     k=  5 seed=1 → acc=89.17% (0.015s)
[165/280] knn           dinov2    pets     k=  5 seed=2 → acc=86.81% (0.011s)
[166/280] linear_probe  dinov2    pets     k=  5 seed=2 → acc=88.16% (0.015s)
[167/280] knn           dinov2    pets     k=  5 seed=3 → acc=88.16% (0.011s)
[168/280] linear_probe  dinov2    pets     k=  5 seed=3 → acc=89.11% (0.016s)
[169/280] knn           dinov2    pets     k=  5 seed=4 → acc=84.44% (0.012s)
[170/280] linear_probe  dinov2    pets     k=  5 seed=4 → acc=87.08% (0.015s)
[171/280] knn           dinov2    pets     k= 10 seed=0 → acc=88.23% (0.015s)
[172/280] linear_probe  dinov2    pets     k= 10 seed=0 → acc=91.47% (0.025s)
[173/280] knn           dinov2    pets     k= 10 seed=1 → acc=88.36% (0.015s)
[174/280] linear_probe  dinov2    pets     k= 10 seed=1 → acc=91.88% (0.024s)
[175/280] knn           dinov2    pets     k= 10 seed=2 → acc=87.62% (0.015s)
[176/280] linear_probe  dinov2    pets     k= 10 seed=2 → acc=91.27% (0.025s)
[177/280] knn           dinov2    pets     k= 10 seed=3 → acc=88.29% (0.015s)
[178/280] linear_probe  dinov2    pets     k= 10 seed=3 → acc=91.54% (0.033s)
[179/280] knn           dinov2    pets     k= 10 seed=4 → acc=87.21% (0.015s)
[180/280] linear_probe  dinov2    pets     k= 10 seed=4 → acc=91.41% (0.033s)
[181/280] knn           dinov2    pets     k= 25 seed=0 → acc=90.32% (0.025s)
[182/280] linear_probe  dinov2    pets     k= 25 seed=0 → acc=93.30% (0.056s)
[183/280] knn           dinov2    pets     k= 25 seed=1 → acc=91.95% (0.025s)
[184/280] linear_probe  dinov2    pets     k= 25 seed=1 → acc=94.25% (0.056s)
[185/280] knn           dinov2    pets     k= 25 seed=2 → acc=91.47% (0.025s)
[186/280] linear_probe  dinov2    pets     k= 25 seed=2 → acc=94.25% (0.066s)
[187/280] knn           dinov2    pets     k= 25 seed=3 → acc=91.00% (0.025s)
[188/280] linear_probe  dinov2    pets     k= 25 seed=3 → acc=93.44% (0.056s)
[189/280] knn           dinov2    pets     k= 25 seed=4 → acc=91.75% (0.025s)
[190/280] linear_probe  dinov2    pets     k= 25 seed=4 → acc=94.32% (0.158s)
[191/280] knn           dinov2    pets     k= 50 seed=0 → acc=92.56% (0.043s)
[192/280] linear_probe  dinov2    pets     k= 50 seed=0 → acc=95.47% (0.116s)
[193/280] knn           dinov2    pets     k= 50 seed=1 → acc=92.63% (0.041s)
[194/280] linear_probe  dinov2    pets     k= 50 seed=1 → acc=95.06% (0.097s)
[195/280] knn           dinov2    pets     k= 50 seed=2 → acc=92.63% (0.042s)
[196/280] linear_probe  dinov2    pets     k= 50 seed=2 → acc=95.20% (0.121s)
[197/280] knn           dinov2    pets     k= 50 seed=3 → acc=92.42% (0.042s)
[198/280] linear_probe  dinov2    pets     k= 50 seed=3 → acc=94.79% (0.096s)
[199/280] knn           dinov2    pets     k= 50 seed=4 → acc=93.17% (0.041s)
[200/280] linear_probe  dinov2    pets     k= 50 seed=4 → acc=94.86% (0.098s)
[201/280] knn           dinov2    pets     k=all seed=0 → acc=94.86% (0.225s)
[202/280] linear_probe  dinov2    pets     k=all seed=0 → acc=96.21% (0.543s)
[203/280] knn           dinov2    pets     k=all seed=1 → acc=94.86% (0.235s)
[204/280] linear_probe  dinov2    pets     k=all seed=1 → acc=96.21% (0.542s)
[205/280] knn           dinov2    pets     k=all seed=2 → acc=94.86% (0.227s)
[206/280] linear_probe  dinov2    pets     k=all seed=2 → acc=96.21% (0.542s)
[207/280] knn           dinov2    pets     k=all seed=3 → acc=94.86% (0.224s)
[208/280] linear_probe  dinov2    pets     k=all seed=3 → acc=96.21% (0.542s)
[209/280] knn           dinov2    pets     k=all seed=4 → acc=94.86% (0.222s)
[210/280] linear_probe  dinov2    pets     k=all seed=4 → acc=96.21% (0.553s)
[LOAD] features/dinov2_eurosat.npz ...
    [cảnh báo] kNN k=20 > n_train=10 → dùng k_actual=10. (Thường gặp ở EuroSAT k=1/2. Ghi nhận trong báo cáo.)
[211/280] knn           dinov2    eurosat  k=  1 seed=0 → acc=63.67% (0.007s)
[212/280] linear_probe  dinov2    eurosat  k=  1 seed=0 → acc=62.00% (0.013s)
    [cảnh báo] kNN k=20 > n_train=10 → dùng k_actual=10. (Thường gặp ở EuroSAT k=1/2. Ghi nhận trong báo cáo.)
[213/280] knn           dinov2    eurosat  k=  1 seed=1 → acc=51.96% (0.006s)
[214/280] linear_probe  dinov2    eurosat  k=  1 seed=1 → acc=54.22% (0.013s)
    [cảnh báo] kNN k=20 > n_train=10 → dùng k_actual=10. (Thường gặp ở EuroSAT k=1/2. Ghi nhận trong báo cáo.)
[215/280] knn           dinov2    eurosat  k=  1 seed=2 → acc=46.30% (0.006s)
[216/280] linear_probe  dinov2    eurosat  k=  1 seed=2 → acc=45.44% (0.013s)
    [cảnh báo] kNN k=20 > n_train=10 → dùng k_actual=10. (Thường gặp ở EuroSAT k=1/2. Ghi nhận trong báo cáo.)
[217/280] knn           dinov2    eurosat  k=  1 seed=3 → acc=51.78% (0.007s)
[218/280] linear_probe  dinov2    eurosat  k=  1 seed=3 → acc=54.30% (0.013s)
    [cảnh báo] kNN k=20 > n_train=10 → dùng k_actual=10. (Thường gặp ở EuroSAT k=1/2. Ghi nhận trong báo cáo.)
[219/280] knn           dinov2    eurosat  k=  1 seed=4 → acc=53.41% (0.006s)
[220/280] linear_probe  dinov2    eurosat  k=  1 seed=4 → acc=57.37% (0.015s)
[221/280] knn           dinov2    eurosat  k=  2 seed=0 → acc=67.15% (0.008s)
[222/280] linear_probe  dinov2    eurosat  k=  2 seed=0 → acc=67.52% (0.015s)
[223/280] knn           dinov2    eurosat  k=  2 seed=1 → acc=60.44% (0.008s)
[224/280] linear_probe  dinov2    eurosat  k=  2 seed=1 → acc=60.96% (0.015s)
[225/280] knn           dinov2    eurosat  k=  2 seed=2 → acc=66.63% (0.009s)
[226/280] linear_probe  dinov2    eurosat  k=  2 seed=2 → acc=71.44% (0.016s)
[227/280] knn           dinov2    eurosat  k=  2 seed=3 → acc=58.96% (0.008s)
[228/280] linear_probe  dinov2    eurosat  k=  2 seed=3 → acc=62.56% (0.015s)
[229/280] knn           dinov2    eurosat  k=  2 seed=4 → acc=58.37% (0.008s)
[230/280] linear_probe  dinov2    eurosat  k=  2 seed=4 → acc=59.81% (0.016s)
[231/280] knn           dinov2    eurosat  k=  5 seed=0 → acc=63.89% (0.01s)
[232/280] linear_probe  dinov2    eurosat  k=  5 seed=0 → acc=71.59% (0.013s)
[233/280] knn           dinov2    eurosat  k=  5 seed=1 → acc=64.41% (0.01s)
[234/280] linear_probe  dinov2    eurosat  k=  5 seed=1 → acc=75.93% (0.013s)
[235/280] knn           dinov2    eurosat  k=  5 seed=2 → acc=70.00% (0.011s)
[236/280] linear_probe  dinov2    eurosat  k=  5 seed=2 → acc=76.59% (0.013s)
[237/280] knn           dinov2    eurosat  k=  5 seed=3 → acc=62.15% (0.01s)
[238/280] linear_probe  dinov2    eurosat  k=  5 seed=3 → acc=73.85% (0.015s)
[239/280] knn           dinov2    eurosat  k=  5 seed=4 → acc=66.63% (0.011s)
[240/280] linear_probe  dinov2    eurosat  k=  5 seed=4 → acc=73.81% (0.015s)
[241/280] knn           dinov2    eurosat  k= 10 seed=0 → acc=74.07% (0.013s)
[242/280] linear_probe  dinov2    eurosat  k= 10 seed=0 → acc=79.89% (0.013s)
[243/280] knn           dinov2    eurosat  k= 10 seed=1 → acc=69.48% (0.012s)
[244/280] linear_probe  dinov2    eurosat  k= 10 seed=1 → acc=79.78% (0.016s)
[245/280] knn           dinov2    eurosat  k= 10 seed=2 → acc=77.44% (0.012s)
[246/280] linear_probe  dinov2    eurosat  k= 10 seed=2 → acc=82.63% (0.015s)
[247/280] knn           dinov2    eurosat  k= 10 seed=3 → acc=67.37% (0.013s)
[248/280] linear_probe  dinov2    eurosat  k= 10 seed=3 → acc=78.85% (0.015s)
[249/280] knn           dinov2    eurosat  k= 10 seed=4 → acc=69.22% (0.014s)
[250/280] linear_probe  dinov2    eurosat  k= 10 seed=4 → acc=77.89% (0.013s)
[251/280] knn           dinov2    eurosat  k= 25 seed=0 → acc=81.59% (0.022s)
[252/280] linear_probe  dinov2    eurosat  k= 25 seed=0 → acc=87.04% (0.016s)
[253/280] knn           dinov2    eurosat  k= 25 seed=1 → acc=79.22% (0.018s)
[254/280] linear_probe  dinov2    eurosat  k= 25 seed=1 → acc=85.30% (0.016s)
[255/280] knn           dinov2    eurosat  k= 25 seed=2 → acc=80.52% (0.019s)
[256/280] linear_probe  dinov2    eurosat  k= 25 seed=2 → acc=86.19% (0.014s)
[257/280] knn           dinov2    eurosat  k= 25 seed=3 → acc=79.15% (0.018s)
[258/280] linear_probe  dinov2    eurosat  k= 25 seed=3 → acc=86.59% (0.016s)
[259/280] knn           dinov2    eurosat  k= 25 seed=4 → acc=80.67% (0.019s)
[260/280] linear_probe  dinov2    eurosat  k= 25 seed=4 → acc=85.41% (0.013s)
[261/280] knn           dinov2    eurosat  k= 50 seed=0 → acc=83.15% (0.035s)
[262/280] linear_probe  dinov2    eurosat  k= 50 seed=0 → acc=88.11% (0.127s)
[263/280] knn           dinov2    eurosat  k= 50 seed=1 → acc=83.74% (0.032s)
[264/280] linear_probe  dinov2    eurosat  k= 50 seed=1 → acc=88.93% (0.129s)
[265/280] knn           dinov2    eurosat  k= 50 seed=2 → acc=84.41% (0.03s)
[266/280] linear_probe  dinov2    eurosat  k= 50 seed=2 → acc=88.70% (0.135s)
[267/280] knn           dinov2    eurosat  k= 50 seed=3 → acc=82.11% (0.03s)
[268/280] linear_probe  dinov2    eurosat  k= 50 seed=3 → acc=88.81% (0.136s)
[269/280] knn           dinov2    eurosat  k= 50 seed=4 → acc=84.59% (0.03s)
[270/280] linear_probe  dinov2    eurosat  k= 50 seed=4 → acc=89.04% (0.134s)
[271/280] knn           dinov2    eurosat  k=all seed=0 → acc=92.33% (1.518s)
[272/280] linear_probe  dinov2    eurosat  k=all seed=0 → acc=95.19% (1.824s)
[273/280] knn           dinov2    eurosat  k=all seed=1 → acc=92.33% (1.472s)
[274/280] linear_probe  dinov2    eurosat  k=all seed=1 → acc=95.19% (1.851s)
[275/280] knn           dinov2    eurosat  k=all seed=2 → acc=92.33% (1.488s)
[276/280] linear_probe  dinov2    eurosat  k=all seed=2 → acc=95.19% (1.828s)
[277/280] knn           dinov2    eurosat  k=all seed=3 → acc=92.33% (1.459s)
[278/280] linear_probe  dinov2    eurosat  k=all seed=3 → acc=95.19% (1.823s)
[279/280] knn           dinov2    eurosat  k=all seed=4 → acc=92.33% (1.465s)
[280/280] linear_probe  dinov2    eurosat  k=all seed=4 → acc=95.19% (1.864s)

XONG. Kết quả lưu tại: results/frozen_grid.csv
Tổng thời gian: 2.0 phút.
Bước tiếp theo: python3 scripts/build_master_table.py
